// Jest Snapshot v1, https://goo.gl/fbAQLP

exports[`BookList should rendering book list component 1`] = `
<div>
  <div
    class="books"
  >
    <p>
      Total books: 
      2
    </p>
    <div
      class="listbooks"
      data-testid="list-books"
    >
      <div
        class="book-component"
        data-testid="book"
      >
        <img
          alt="abc"
          data-testid="coverImageUrl"
          height="240"
          src="https://res.cloudinary.com/www-thepencilapp-com/image/upload/q_auto,f_auto/books/covers/1586_f1601742134.png"
          width="180"
        />
        <p
          class="title"
          data-testid="title"
        >
          Tale of two cities
        </p>
        <p
          class="author"
          data-testid="author"
        >
          by $
          Charles Dickens
        </p>
        <p
          class="price"
          data-testid="price"
        >
          RS $
          350
        </p>
      </div>
      <div
        class="book-component"
        data-testid="book"
      >
        <img
          alt="abc"
          data-testid="coverImageUrl"
          height="240"
          src="https://res.cloudinary.com/www-thepencilapp-com/image/upload/q_auto,f_auto/books/covers/1586_f1601742134.png"
          width="180"
        />
        <p
          class="title"
          data-testid="title"
        >
          Little women
        </p>
        <p
          class="author"
          data-testid="author"
        >
          by $
          Louisa May Alcott
        </p>
        <p
          class="price"
          data-testid="price"
        >
          RS $
          450
        </p>
      </div>
    </div>
  </div>
</div>
`;
